{
  "modifiedAt": "2019-07-28T23:36:33.41383315+09:00",
  "replaced": {
    "#/now": "2019-07-28T23:36:33.413528115+09:00"
  },
  "data": {
    "message": "hello world",
    "now": "2019-07-28T23:36:33.413528115+09:00"
  }
}
