{
  "modifiedAt": "2019-08-04T21:23:19.064707399+09:00",
  "data": {
    "request": {
      "method": "GET",
      "path": "/"
    },
    "response": {
      "data": {
        "message": "hello",
        "now": "2019-08-04T21:23:19+09:00"
      },
      "statusCode": 200
    }
  }
}
