{
  "modifiedAt": "2019-08-31T16:22:23.266324721+09:00",
  "data": {
    "request": {
      "method": "POST",
      "path": "/users"
    },
    "response": {
      "data": {
        "email": "jon@labstack.com",
        "name": "Jon Snow"
      },
      "statusCode": 201
    }
  }
}
