{
  "modifiedAt": "2019-09-01T20:18:00.810842998+09:00",
  "data": {
    "request": {
      "method": "GET",
      "path": "/users/jon@labstack.com"
    },
    "response": {
      "data": {
        "email": "jon@labstack.com",
        "name": "Jon Snow"
      },
      "statusCode": 200
    }
  }
}
