{
  "modifiedAt": "2019-09-03T01:27:19.188863348+09:00",
  "data": {
    "request": {
      "method": "GET",
      "path": "/"
    },
    "response": {
      "data": {
        "message": "hello world"
      },
      "statusCode": 200
    }
  }
}
